execve("./main", ["./main", "aaaaaaaaaaaaaaaaaaaaabbbbbbbbbbb"..., "aaaaab", "4"], 0x7fff6bf7f6c8 /* 35 vars */) = 0
brk(NULL)                               = 0x55bca055e000
mmap(NULL, 8192, PROT_READ|PROT_WRITE, MAP_PRIVATE|MAP_ANONYMOUS, -1, 0) = 0x7fdb93239000
access("/etc/ld.so.preload", R_OK)      = -1 ENOENT (No such file or directory)
openat(AT_FDCWD, "/etc/ld.so.cache", O_RDONLY|O_CLOEXEC) = 3
fstat(3, {st_mode=S_IFREG|0644, st_size=29303, ...}) = 0
mmap(NULL, 29303, PROT_READ, MAP_PRIVATE, 3, 0) = 0x7fdb93231000
close(3)                                = 0
openat(AT_FDCWD, "/lib/x86_64-linux-gnu/libc.so.6", O_RDONLY|O_CLOEXEC) = 3
read(3, "\177ELF\2\1\1\3\0\0\0\0\0\0\0\0\3\0>\0\1\0\0\0\220\243\2\0\0\0\0\0"..., 832) = 832
pread64(3, "\6\0\0\0\4\0\0\0@\0\0\0\0\0\0\0@\0\0\0\0\0\0\0@\0\0\0\0\0\0\0"..., 784, 64) = 784
fstat(3, {st_mode=S_IFREG|0755, st_size=2125328, ...}) = 0
pread64(3, "\6\0\0\0\4\0\0\0@\0\0\0\0\0\0\0@\0\0\0\0\0\0\0@\0\0\0\0\0\0\0"..., 784, 64) = 784
mmap(NULL, 2170256, PROT_READ, MAP_PRIVATE|MAP_DENYWRITE, 3, 0) = 0x7fdb9301f000
mmap(0x7fdb93047000, 1605632, PROT_READ|PROT_EXEC, MAP_PRIVATE|MAP_FIXED|MAP_DENYWRITE, 3, 0x28000) = 0x7fdb93047000
mmap(0x7fdb931cf000, 323584, PROT_READ, MAP_PRIVATE|MAP_FIXED|MAP_DENYWRITE, 3, 0x1b0000) = 0x7fdb931cf000
mmap(0x7fdb9321e000, 24576, PROT_READ|PROT_WRITE, MAP_PRIVATE|MAP_FIXED|MAP_DENYWRITE, 3, 0x1fe000) = 0x7fdb9321e000
mmap(0x7fdb93224000, 52624, PROT_READ|PROT_WRITE, MAP_PRIVATE|MAP_FIXED|MAP_ANONYMOUS, -1, 0) = 0x7fdb93224000
close(3)                                = 0
mmap(NULL, 12288, PROT_READ|PROT_WRITE, MAP_PRIVATE|MAP_ANONYMOUS, -1, 0) = 0x7fdb9301c000
arch_prctl(ARCH_SET_FS, 0x7fdb9301c740) = 0
set_tid_address(0x7fdb9301ca10)         = 40366
set_robust_list(0x7fdb9301ca20, 24)     = 0
rseq(0x7fdb9301d060, 0x20, 0, 0x53053053) = 0
mprotect(0x7fdb9321e000, 16384, PROT_READ) = 0
mprotect(0x55bc9f08f000, 4096, PROT_READ) = 0
mprotect(0x7fdb93271000, 8192, PROT_READ) = 0
prlimit64(0, RLIMIT_STACK, NULL, {rlim_cur=8192*1024, rlim_max=RLIM64_INFINITY}) = 0
munmap(0x7fdb93231000, 29303)           = 0
rt_sigaction(SIGRT_1, {sa_handler=0x7fdb930b8520, sa_mask=[], sa_flags=SA_RESTORER|SA_ONSTACK|SA_RESTART|SA_SIGINFO, sa_restorer=0x7fdb93064320}, NULL, 8) = 0
rt_sigprocmask(SIG_UNBLOCK, [RTMIN RT_1], NULL, 8) = 0
mmap(NULL, 8392704, PROT_NONE, MAP_PRIVATE|MAP_ANONYMOUS|MAP_STACK, -1, 0) = 0x7fdb9281b000
mprotect(0x7fdb9281c000, 8388608, PROT_READ|PROT_WRITE) = 0
getrandom("\x22\xef\x74\x7a\x5a\xbe\xe9\x32", 8, GRND_NONBLOCK) = 8
brk(NULL)                               = 0x55bca055e000
brk(0x55bca057f000)                     = 0x55bca057f000
rt_sigprocmask(SIG_BLOCK, ~[], [], 8)   = 0
clone3({flags=CLONE_VM|CLONE_FS|CLONE_FILES|CLONE_SIGHAND|CLONE_THREAD|CLONE_SYSVSEM|CLONE_SETTLS|CLONE_PARENT_SETTID|CLONE_CHILD_CLEARTID, child_tid=0x7fdb9301b990, parent_tid=0x7fdb9301b990, exit_signal=0, stack=0x7fdb9281b000, stack_size=0x7fff80, tls=0x7fdb9301b6c0} => {parent_tid=[40367]}, 88) = 40367
rt_sigprocmask(SIG_SETMASK, [], NULL, 8) = 0
mmap(NULL, 8392704, PROT_NONE, MAP_PRIVATE|MAP_ANONYMOUS|MAP_STACK, -1, 0) = 0x7fdb9201a000
mprotect(0x7fdb9201b000, 8388608, PROT_READ|PROT_WRITE) = 0
rt_sigprocmask(SIG_BLOCK, ~[], [], 8)   = 0
clone3({flags=CLONE_VM|CLONE_FS|CLONE_FILES|CLONE_SIGHAND|CLONE_THREAD|CLONE_SYSVSEM|CLONE_SETTLS|CLONE_PARENT_SETTID|CLONE_CHILD_CLEARTID, child_tid=0x7fdb9281a990, parent_tid=0x7fdb9281a990, exit_signal=0, stack=0x7fdb9201a000, stack_size=0x7fff80, tls=0x7fdb9281a6c0} => {parent_tid=[40368]}, 88) = 40368
rt_sigprocmask(SIG_SETMASK, [], NULL, 8) = 0
mmap(NULL, 8392704, PROT_NONE, MAP_PRIVATE|MAP_ANONYMOUS|MAP_STACK, -1, 0) = 0x7fdb91819000
mprotect(0x7fdb9181a000, 8388608, PROT_READ|PROT_WRITE) = 0
rt_sigprocmask(SIG_BLOCK, ~[], [], 8)   = 0
clone3({flags=CLONE_VM|CLONE_FS|CLONE_FILES|CLONE_SIGHAND|CLONE_THREAD|CLONE_SYSVSEM|CLONE_SETTLS|CLONE_PARENT_SETTID|CLONE_CHILD_CLEARTID, child_tid=0x7fdb92019990, parent_tid=0x7fdb92019990, exit_signal=0, stack=0x7fdb91819000, stack_size=0x7fff80, tls=0x7fdb920196c0} => {parent_tid=[40369]}, 88) = 40369
rt_sigprocmask(SIG_SETMASK, [], NULL, 8) = 0
mmap(NULL, 8392704, PROT_NONE, MAP_PRIVATE|MAP_ANONYMOUS|MAP_STACK, -1, 0) = 0x7fdb91018000
mprotect(0x7fdb91019000, 8388608, PROT_READ|PROT_WRITE) = 0
rt_sigprocmask(SIG_BLOCK, ~[], [], 8)   = 0
clone3({flags=CLONE_VM|CLONE_FS|CLONE_FILES|CLONE_SIGHAND|CLONE_THREAD|CLONE_SYSVSEM|CLONE_SETTLS|CLONE_PARENT_SETTID|CLONE_CHILD_CLEARTID, child_tid=0x7fdb91818990, parent_tid=0x7fdb91818990, exit_signal=0, stack=0x7fdb91018000, stack_size=0x7fff80, tls=0x7fdb918186c0} => {parent_tid=[0]}, 88) = 40370
rt_sigprocmask(SIG_SETMASK, [], NULL, 8) = 0
write(1, "Elapsed time: 0.010325 seconds\n", 31) = 31
write(1, "Search completed. Threads used: "..., 34) = 34
exit_group(0)                           = ?
+++ exited with 0 +++
