execve("./parent", ["./parent"], 0x7fff33f28020 /* 35 vars */) = 0
brk(NULL)                               = 0x55864f270000
mmap(NULL, 8192, PROT_READ|PROT_WRITE, MAP_PRIVATE|MAP_ANONYMOUS, -1, 0) = 0x7fc7af41e000
access("/etc/ld.so.preload", R_OK)      = -1 ENOENT (No such file or directory)
openat(AT_FDCWD, "/etc/ld.so.cache", O_RDONLY|O_CLOEXEC) = 3
fstat(3, {st_mode=S_IFREG|0644, st_size=22447, ...}) = 0
mmap(NULL, 22447, PROT_READ, MAP_PRIVATE, 3, 0) = 0x7fc7af418000
close(3)                                = 0
openat(AT_FDCWD, "/lib/x86_64-linux-gnu/libc.so.6", O_RDONLY|O_CLOEXEC) = 3
read(3, "\177ELF\2\1\1\3\0\0\0\0\0\0\0\0\3\0>\0\1\0\0\0\220\243\2\0\0\0\0\0"..., 832) = 832
pread64(3, "\6\0\0\0\4\0\0\0@\0\0\0\0\0\0\0@\0\0\0\0\0\0\0@\0\0\0\0\0\0\0"..., 784, 64) = 784
fstat(3, {st_mode=S_IFREG|0755, st_size=2125328, ...}) = 0
pread64(3, "\6\0\0\0\4\0\0\0@\0\0\0\0\0\0\0@\0\0\0\0\0\0\0@\0\0\0\0\0\0\0"..., 784, 64) = 784
mmap(NULL, 2170256, PROT_READ, MAP_PRIVATE|MAP_DENYWRITE, 3, 0) = 0x7fc7af206000
mmap(0x7fc7af22e000, 1605632, PROT_READ|PROT_EXEC, MAP_PRIVATE|MAP_FIXED|MAP_DENYWRITE, 3, 0x28000) = 0x7fc7af22e000
mmap(0x7fc7af3b6000, 323584, PROT_READ, MAP_PRIVATE|MAP_FIXED|MAP_DENYWRITE, 3, 0x1b0000) = 0x7fc7af3b6000
mmap(0x7fc7af405000, 24576, PROT_READ|PROT_WRITE, MAP_PRIVATE|MAP_FIXED|MAP_DENYWRITE, 3, 0x1fe000) = 0x7fc7af405000
mmap(0x7fc7af40b000, 52624, PROT_READ|PROT_WRITE, MAP_PRIVATE|MAP_FIXED|MAP_ANONYMOUS, -1, 0) = 0x7fc7af40b000
close(3)                                = 0
mmap(NULL, 12288, PROT_READ|PROT_WRITE, MAP_PRIVATE|MAP_ANONYMOUS, -1, 0) = 0x7fc7af203000
arch_prctl(ARCH_SET_FS, 0x7fc7af203740) = 0
set_tid_address(0x7fc7af203a10)         = 47458
set_robust_list(0x7fc7af203a20, 24)     = 0
rseq(0x7fc7af204060, 0x20, 0, 0x53053053) = 0
mprotect(0x7fc7af405000, 16384, PROT_READ) = 0
mprotect(0x55864d73f000, 4096, PROT_READ) = 0
mprotect(0x7fc7af456000, 8192, PROT_READ) = 0
prlimit64(0, RLIMIT_STACK, NULL, {rlim_cur=8192*1024, rlim_max=RLIM64_INFINITY}) = 0
munmap(0x7fc7af418000, 22447)           = 0
openat(AT_FDCWD, "/dev/shm/shm1", O_RDWR|O_CREAT|O_NOFOLLOW|O_CLOEXEC, 0666) = 3
openat(AT_FDCWD, "/dev/shm/shm2", O_RDWR|O_CREAT|O_NOFOLLOW|O_CLOEXEC, 0666) = 4
ftruncate(3, 1024)                      = 0
ftruncate(4, 1024)                      = 0
mmap(NULL, 1024, PROT_READ|PROT_WRITE, MAP_SHARED, 3, 0) = 0x7fc7af41d000
mmap(NULL, 1024, PROT_READ|PROT_WRITE, MAP_SHARED, 4, 0) = 0x7fc7af41c000
fstat(1, {st_mode=S_IFCHR|0620, st_rdev=makedev(0x88, 0x4), ...}) = 0
getrandom("\x48\xea\xca\xc7\xb9\x67\x6b\x61", 8, GRND_NONBLOCK) = 8
brk(NULL)                               = 0x55864f270000
brk(0x55864f291000)                     = 0x55864f291000
fstat(0, {st_mode=S_IFCHR|0620, st_rdev=makedev(0x88, 0x4), ...}) = 0
write(1, "Enter file1 name: ", 18)      = 18
read(0, "file1.txt\n", 1024)            = 10
write(1, "Enter file2 name: ", 18)      = 18
read(0, "file2.txt\n", 1024)            = 10
clone(child_stack=NULL, flags=CLONE_CHILD_CLEARTID|CLONE_CHILD_SETTID|SIGCHLD, child_tidptr=0x7fc7af203a10) = 47506
clone(child_stack=NULL, flags=CLONE_CHILD_CLEARTID|CLONE_CHILD_SETTID|SIGCHLD, child_tidptr=0x7fc7af203a10) = 47507
write(1, "Enter string (use 'exit' to exit"..., 52) = 52
read(0, "cat\n", 1024)                  = 4
write(1, "Enter string (use 'exit' to exit"..., 52) = 52
read(0, "dog\n", 1024)                  = 4
write(1, "Enter string (use 'exit' to exit"..., 52) = 52
read(0, "txt\n", 1024)                  = 4
write(1, "Enter string (use 'exit' to exit"..., 52) = 52
read(0, "123\n", 1024)                  = 4
write(1, "Enter string (use 'exit' to exit"..., 52) = 52
read(0, "123\n", 1024)                  = 4
write(1, "Enter string (use 'exit' to exit"..., 52) = 52
read(0, "1231\n", 1024)                 = 5
write(1, "Enter string (use 'exit' to exit"..., 52) = 52
read(0, "2123\n", 1024)                 = 5
write(1, "Enter string (use 'exit' to exit"..., 52) = 52
read(0, "exit\n", 1024)                 = 5
wait4(-1, NULL, 0, NULL)                = 47506
--- SIGCHLD {si_signo=SIGCHLD, si_code=CLD_EXITED, si_pid=47506, si_uid=1000, si_status=0, si_utime=4 /* 0.04 s */, si_stime=11 /* 0.11 s */} ---
wait4(-1, NULL, 0, NULL)                = 47507
munmap(0x7fc7af41d000, 1024)            = 0
munmap(0x7fc7af41c000, 1024)            = 0
close(3)                                = 0
close(4)                                = 0
unlink("/dev/shm/shm1")                 = 0
unlink("/dev/shm/shm2")                 = 0
lseek(0, -1, SEEK_CUR)                  = -1 ESPIPE (Illegal seek)
exit_group(0)                           = ?
+++ exited with 0 +++
